------------------------------------------------------------
TimeQuest Timing Analyzer Summary
------------------------------------------------------------

Type  : Slow 1200mV 85C Model Setup 'input_clk'
Slack : -4.499
TNS   : -43.477

Type  : Slow 1200mV 85C Model Setup 'internal_clk'
Slack : -3.429
TNS   : -68.133

Type  : Slow 1200mV 85C Model Hold 'internal_clk'
Slack : 0.402
TNS   : 0.000

Type  : Slow 1200mV 85C Model Hold 'input_clk'
Slack : 0.625
TNS   : 0.000

Type  : Slow 1200mV 85C Model Minimum Pulse Width 'internal_clk'
Slack : -3.000
TNS   : -41.673

Type  : Slow 1200mV 85C Model Minimum Pulse Width 'input_clk'
Slack : -3.000
TNS   : -18.420

Type  : Slow 1200mV 85C Model Minimum Pulse Width 'output_clk'
Slack : -3.000
TNS   : -8.386

Type  : Slow 1200mV 0C Model Setup 'input_clk'
Slack : -3.991
TNS   : -38.212

Type  : Slow 1200mV 0C Model Setup 'internal_clk'
Slack : -3.036
TNS   : -59.362

Type  : Slow 1200mV 0C Model Hold 'internal_clk'
Slack : 0.354
TNS   : 0.000

Type  : Slow 1200mV 0C Model Hold 'input_clk'
Slack : 0.556
TNS   : 0.000

Type  : Slow 1200mV 0C Model Minimum Pulse Width 'internal_clk'
Slack : -3.000
TNS   : -41.629

Type  : Slow 1200mV 0C Model Minimum Pulse Width 'input_clk'
Slack : -3.000
TNS   : -18.420

Type  : Slow 1200mV 0C Model Minimum Pulse Width 'output_clk'
Slack : -3.000
TNS   : -8.298

Type  : Fast 1200mV 0C Model Setup 'input_clk'
Slack : -1.676
TNS   : -15.049

Type  : Fast 1200mV 0C Model Setup 'internal_clk'
Slack : -1.114
TNS   : -18.095

Type  : Fast 1200mV 0C Model Hold 'internal_clk'
Slack : 0.181
TNS   : 0.000

Type  : Fast 1200mV 0C Model Hold 'input_clk'
Slack : 0.246
TNS   : 0.000

Type  : Fast 1200mV 0C Model Minimum Pulse Width 'internal_clk'
Slack : -3.000
TNS   : -33.853

Type  : Fast 1200mV 0C Model Minimum Pulse Width 'input_clk'
Slack : -3.000
TNS   : -15.882

Type  : Fast 1200mV 0C Model Minimum Pulse Width 'output_clk'
Slack : -3.000
TNS   : -5.250

------------------------------------------------------------
