Analysis & Synthesis report for udp_read_top
Tue Nov 10 23:00:30 2015
Quartus II 64-Bit Version 15.0.0 Build 145 04/22/2015 SJ Web Edition


---------------------
; Table of Contents ;
---------------------
  1. Legal Notice
  2. Analysis & Synthesis Summary
  3. Analysis & Synthesis Settings
  4. Parallel Compilation
  5. Analysis & Synthesis Source Files Read
  6. Analysis & Synthesis Resource Usage Summary
  7. Analysis & Synthesis Resource Utilization by Entity
  8. Analysis & Synthesis RAM Summary
  9. State Machine - |udp_read_top|udp_read:reader|state
 10. Registers Removed During Synthesis
 11. Removed Registers Triggering Further Register Optimizations
 12. General Register Statistics
 13. Inverted Register Statistics
 14. Registers Packed Into Inferred Megafunctions
 15. Multiplexer Restructuring Statistics (Restructuring Performed)
 16. Source assignments for fifo:input_fifo|altsyncram:fifo_buf_rtl_0|altsyncram_4rc1:auto_generated
 17. Source assignments for fifo:output_fifo|altsyncram:fifo_buf_rtl_0|altsyncram_qgc1:auto_generated
 18. Parameter Settings for User Entity Instance: Top-level Entity: |udp_read_top
 19. Parameter Settings for User Entity Instance: fifo:input_fifo
 20. Parameter Settings for User Entity Instance: fifo:output_fifo
 21. Parameter Settings for User Entity Instance: fifo:length_fifo
 22. Parameter Settings for Inferred Entity Instance: fifo:input_fifo|altsyncram:fifo_buf_rtl_0
 23. Parameter Settings for Inferred Entity Instance: fifo:output_fifo|altsyncram:fifo_buf_rtl_0
 24. altsyncram Parameter Settings by Entity Instance
 25. Post-Synthesis Netlist Statistics for Top Partition
 26. Elapsed Time Per Partition
 27. Analysis & Synthesis Messages



----------------
; Legal Notice ;
----------------
Copyright (C) 1991-2015 Altera Corporation. All rights reserved.
Your use of Altera Corporation's design tools, logic functions 
and other software and tools, and its AMPP partner logic 
functions, and any output files from any of the foregoing 
(including device programming or simulation files), and any 
associated documentation or information are expressly subject 
to the terms and conditions of the Altera Program License 
Subscription Agreement, the Altera Quartus II License Agreement,
the Altera MegaCore Function License Agreement, or other 
applicable license agreement, including, without limitation, 
that your use is for the sole purpose of programming logic 
devices manufactured by Altera and sold by Altera or its 
authorized distributors.  Please refer to the applicable 
agreement for further details.



+---------------------------------------------------------------------------------+
; Analysis & Synthesis Summary                                                    ;
+------------------------------------+--------------------------------------------+
; Analysis & Synthesis Status        ; Successful - Tue Nov 10 23:00:27 2015      ;
; Quartus II 64-Bit Version          ; 15.0.0 Build 145 04/22/2015 SJ Web Edition ;
; Revision Name                      ; udp_read_top                               ;
; Top-level Entity Name              ; udp_read_top                               ;
; Family                             ; Cyclone IV E                               ;
; Total logic elements               ; 67                                         ;
;     Total combinational functions  ; 67                                         ;
;     Dedicated logic registers      ; 40                                         ;
; Total registers                    ; 40                                         ;
; Total pins                         ; 42                                         ;
; Total virtual pins                 ; 0                                          ;
; Total memory bits                  ; 8,192                                      ;
; Embedded Multiplier 9-bit elements ; 0                                          ;
; Total PLLs                         ; 0                                          ;
+------------------------------------+--------------------------------------------+


+----------------------------------------------------------------------------------------------------------------------+
; Analysis & Synthesis Settings                                                                                        ;
+----------------------------------------------------------------------------+--------------------+--------------------+
; Option                                                                     ; Setting            ; Default Value      ;
+----------------------------------------------------------------------------+--------------------+--------------------+
; Device                                                                     ; EP4CE115F29C7      ;                    ;
; Top-level entity name                                                      ; udp_read_top       ; udp_read_top       ;
; Family name                                                                ; Cyclone IV E       ; Cyclone V          ;
; Use smart compilation                                                      ; Off                ; Off                ;
; Enable parallel Assembler and TimeQuest Timing Analyzer during compilation ; On                 ; On                 ;
; Enable compact report table                                                ; Off                ; Off                ;
; Restructure Multiplexers                                                   ; Auto               ; Auto               ;
; Create Debugging Nodes for IP Cores                                        ; Off                ; Off                ;
; Preserve fewer node names                                                  ; On                 ; On                 ;
; Disable OpenCore Plus hardware evaluation                                  ; Off                ; Off                ;
; Verilog Version                                                            ; Verilog_2001       ; Verilog_2001       ;
; VHDL Version                                                               ; VHDL_1993          ; VHDL_1993          ;
; State Machine Processing                                                   ; Auto               ; Auto               ;
; Safe State Machine                                                         ; Off                ; Off                ;
; Extract Verilog State Machines                                             ; On                 ; On                 ;
; Extract VHDL State Machines                                                ; On                 ; On                 ;
; Ignore Verilog initial constructs                                          ; Off                ; Off                ;
; Iteration limit for constant Verilog loops                                 ; 5000               ; 5000               ;
; Iteration limit for non-constant Verilog loops                             ; 250                ; 250                ;
; Add Pass-Through Logic to Inferred RAMs                                    ; On                 ; On                 ;
; Infer RAMs from Raw Logic                                                  ; On                 ; On                 ;
; Parallel Synthesis                                                         ; On                 ; On                 ;
; DSP Block Balancing                                                        ; Auto               ; Auto               ;
; NOT Gate Push-Back                                                         ; On                 ; On                 ;
; Power-Up Don't Care                                                        ; On                 ; On                 ;
; Remove Redundant Logic Cells                                               ; Off                ; Off                ;
; Remove Duplicate Registers                                                 ; On                 ; On                 ;
; Ignore CARRY Buffers                                                       ; Off                ; Off                ;
; Ignore CASCADE Buffers                                                     ; Off                ; Off                ;
; Ignore GLOBAL Buffers                                                      ; Off                ; Off                ;
; Ignore ROW GLOBAL Buffers                                                  ; Off                ; Off                ;
; Ignore LCELL Buffers                                                       ; Off                ; Off                ;
; Ignore SOFT Buffers                                                        ; On                 ; On                 ;
; Limit AHDL Integers to 32 Bits                                             ; Off                ; Off                ;
; Optimization Technique                                                     ; Balanced           ; Balanced           ;
; Carry Chain Length                                                         ; 70                 ; 70                 ;
; Auto Carry Chains                                                          ; On                 ; On                 ;
; Auto Open-Drain Pins                                                       ; On                 ; On                 ;
; Perform WYSIWYG Primitive Resynthesis                                      ; Off                ; Off                ;
; Auto ROM Replacement                                                       ; On                 ; On                 ;
; Auto RAM Replacement                                                       ; On                 ; On                 ;
; Auto DSP Block Replacement                                                 ; On                 ; On                 ;
; Auto Shift Register Replacement                                            ; Auto               ; Auto               ;
; Allow Shift Register Merging across Hierarchies                            ; Auto               ; Auto               ;
; Auto Clock Enable Replacement                                              ; On                 ; On                 ;
; Strict RAM Replacement                                                     ; Off                ; Off                ;
; Allow Synchronous Control Signals                                          ; On                 ; On                 ;
; Force Use of Synchronous Clear Signals                                     ; Off                ; Off                ;
; Auto RAM Block Balancing                                                   ; On                 ; On                 ;
; Auto RAM to Logic Cell Conversion                                          ; Off                ; Off                ;
; Auto Resource Sharing                                                      ; Off                ; Off                ;
; Allow Any RAM Size For Recognition                                         ; Off                ; Off                ;
; Allow Any ROM Size For Recognition                                         ; Off                ; Off                ;
; Allow Any Shift Register Size For Recognition                              ; Off                ; Off                ;
; Use LogicLock Constraints during Resource Balancing                        ; On                 ; On                 ;
; Ignore translate_off and synthesis_off directives                          ; Off                ; Off                ;
; Timing-Driven Synthesis                                                    ; On                 ; On                 ;
; Report Parameter Settings                                                  ; On                 ; On                 ;
; Report Source Assignments                                                  ; On                 ; On                 ;
; Report Connectivity Checks                                                 ; On                 ; On                 ;
; Ignore Maximum Fan-Out Assignments                                         ; Off                ; Off                ;
; Synchronization Register Chain Length                                      ; 2                  ; 2                  ;
; PowerPlay Power Optimization During Synthesis                              ; Normal compilation ; Normal compilation ;
; HDL message level                                                          ; Level2             ; Level2             ;
; Suppress Register Optimization Related Messages                            ; Off                ; Off                ;
; Number of Removed Registers Reported in Synthesis Report                   ; 5000               ; 5000               ;
; Number of Swept Nodes Reported in Synthesis Report                         ; 5000               ; 5000               ;
; Number of Inverted Registers Reported in Synthesis Report                  ; 100                ; 100                ;
; Clock MUX Protection                                                       ; On                 ; On                 ;
; Auto Gated Clock Conversion                                                ; Off                ; Off                ;
; Block Design Naming                                                        ; Auto               ; Auto               ;
; SDC constraint protection                                                  ; Off                ; Off                ;
; Synthesis Effort                                                           ; Auto               ; Auto               ;
; Shift Register Replacement - Allow Asynchronous Clear Signal               ; On                 ; On                 ;
; Pre-Mapping Resynthesis Optimization                                       ; Off                ; Off                ;
; Analysis & Synthesis Message Level                                         ; Medium             ; Medium             ;
; Disable Register Merging Across Hierarchies                                ; Auto               ; Auto               ;
; Resource Aware Inference For Block RAM                                     ; On                 ; On                 ;
; Synthesis Seed                                                             ; 1                  ; 1                  ;
+----------------------------------------------------------------------------+--------------------+--------------------+


Parallel compilation was disabled, but you have multiple processors available. Enable parallel compilation to reduce compilation time.
+-------------------------------------+
; Parallel Compilation                ;
+----------------------------+--------+
; Processors                 ; Number ;
+----------------------------+--------+
; Number detected on machine ; 4      ;
; Maximum allowed            ; 1      ;
+----------------------------+--------+


+-----------------------------------------------------------------------------------------------------------------------------------------------------------------------------+
; Analysis & Synthesis Source Files Read                                                                                                                                      ;
+----------------------------------+-----------------+------------------------------+-------------------------------------------------------------------------------+---------+
; File Name with User-Entered Path ; Used in Netlist ; File Type                    ; File Name with Absolute Path                                                  ; Library ;
+----------------------------------+-----------------+------------------------------+-------------------------------------------------------------------------------+---------+
; components/udp_read_top.vhd      ; yes             ; User VHDL File               ; /home/brady/Programming/fpga/eecs395/hw5/components/udp_read_top.vhd          ;         ;
; components/udp_read.vhd          ; yes             ; User VHDL File               ; /home/brady/Programming/fpga/eecs395/hw5/components/udp_read.vhd              ;         ;
; components/fifo.vhd              ; yes             ; User VHDL File               ; /home/brady/Programming/fpga/eecs395/hw5/components/fifo.vhd                  ;         ;
; components/constants.vhd         ; yes             ; User VHDL File               ; /home/brady/Programming/fpga/eecs395/hw5/components/constants.vhd             ;         ;
; altsyncram.tdf                   ; yes             ; Megafunction                 ; /home/brady/altera/15.0/quartus/libraries/megafunctions/altsyncram.tdf        ;         ;
; stratix_ram_block.inc            ; yes             ; Megafunction                 ; /home/brady/altera/15.0/quartus/libraries/megafunctions/stratix_ram_block.inc ;         ;
; lpm_mux.inc                      ; yes             ; Megafunction                 ; /home/brady/altera/15.0/quartus/libraries/megafunctions/lpm_mux.inc           ;         ;
; lpm_decode.inc                   ; yes             ; Megafunction                 ; /home/brady/altera/15.0/quartus/libraries/megafunctions/lpm_decode.inc        ;         ;
; aglobal150.inc                   ; yes             ; Megafunction                 ; /home/brady/altera/15.0/quartus/libraries/megafunctions/aglobal150.inc        ;         ;
; a_rdenreg.inc                    ; yes             ; Megafunction                 ; /home/brady/altera/15.0/quartus/libraries/megafunctions/a_rdenreg.inc         ;         ;
; altrom.inc                       ; yes             ; Megafunction                 ; /home/brady/altera/15.0/quartus/libraries/megafunctions/altrom.inc            ;         ;
; altram.inc                       ; yes             ; Megafunction                 ; /home/brady/altera/15.0/quartus/libraries/megafunctions/altram.inc            ;         ;
; altdpram.inc                     ; yes             ; Megafunction                 ; /home/brady/altera/15.0/quartus/libraries/megafunctions/altdpram.inc          ;         ;
; db/altsyncram_4rc1.tdf           ; yes             ; Auto-Generated Megafunction  ; /home/brady/Programming/fpga/eecs395/hw5/db/altsyncram_4rc1.tdf               ;         ;
; db/altsyncram_qgc1.tdf           ; yes             ; Auto-Generated Megafunction  ; /home/brady/Programming/fpga/eecs395/hw5/db/altsyncram_qgc1.tdf               ;         ;
+----------------------------------+-----------------+------------------------------+-------------------------------------------------------------------------------+---------+


+-----------------------------------------------------------+
; Analysis & Synthesis Resource Usage Summary               ;
+---------------------------------------------+-------------+
; Resource                                    ; Usage       ;
+---------------------------------------------+-------------+
; Estimated Total logic elements              ; 67          ;
;                                             ;             ;
; Total combinational functions               ; 67          ;
; Logic element usage by number of LUT inputs ;             ;
;     -- 4 input functions                    ; 27          ;
;     -- 3 input functions                    ; 6           ;
;     -- <=2 input functions                  ; 34          ;
;                                             ;             ;
; Logic elements by mode                      ;             ;
;     -- normal mode                          ; 38          ;
;     -- arithmetic mode                      ; 29          ;
;                                             ;             ;
; Total registers                             ; 40          ;
;     -- Dedicated logic registers            ; 40          ;
;     -- I/O registers                        ; 0           ;
;                                             ;             ;
; I/O pins                                    ; 42          ;
; Total memory bits                           ; 8192        ;
;                                             ;             ;
; Embedded Multiplier 9-bit elements          ; 0           ;
;                                             ;             ;
; Maximum fan-out node                        ; reset~input ;
; Maximum fan-out                             ; 40          ;
; Total fan-out                               ; 476         ;
; Average fan-out                             ; 2.39        ;
+---------------------------------------------+-------------+


+----------------------------------------------------------------------------------------------------------------------------------------------------------------------------------------------------------------------------------------------------------------+
; Analysis & Synthesis Resource Utilization by Entity                                                                                                                                                                                                            ;
+-------------------------------------------+-------------------+--------------+-------------+--------------+---------+-----------+------+--------------+-----------------------------------------------------------------------------------------+--------------+
; Compilation Hierarchy Node                ; LC Combinationals ; LC Registers ; Memory Bits ; DSP Elements ; DSP 9x9 ; DSP 18x18 ; Pins ; Virtual Pins ; Full Hierarchy Name                                                                     ; Library Name ;
+-------------------------------------------+-------------------+--------------+-------------+--------------+---------+-----------+------+--------------+-----------------------------------------------------------------------------------------+--------------+
; |udp_read_top                             ; 67 (1)            ; 40 (0)       ; 8192        ; 0            ; 0       ; 0         ; 42   ; 0            ; |udp_read_top                                                                           ; work         ;
;    |fifo:input_fifo|                      ; 39 (39)           ; 23 (23)      ; 0           ; 0            ; 0       ; 0         ; 0    ; 0            ; |udp_read_top|fifo:input_fifo                                                           ; work         ;
;    |fifo:length_fifo|                     ; 8 (8)             ; 5 (5)        ; 0           ; 0            ; 0       ; 0         ; 0    ; 0            ; |udp_read_top|fifo:length_fifo                                                          ; work         ;
;    |fifo:output_fifo|                     ; 19 (19)           ; 12 (12)      ; 8192        ; 0            ; 0       ; 0         ; 0    ; 0            ; |udp_read_top|fifo:output_fifo                                                          ; work         ;
;       |altsyncram:fifo_buf_rtl_0|         ; 0 (0)             ; 0 (0)        ; 8192        ; 0            ; 0       ; 0         ; 0    ; 0            ; |udp_read_top|fifo:output_fifo|altsyncram:fifo_buf_rtl_0                                ; work         ;
;          |altsyncram_qgc1:auto_generated| ; 0 (0)             ; 0 (0)        ; 8192        ; 0            ; 0       ; 0         ; 0    ; 0            ; |udp_read_top|fifo:output_fifo|altsyncram:fifo_buf_rtl_0|altsyncram_qgc1:auto_generated ; work         ;
+-------------------------------------------+-------------------+--------------+-------------+--------------+---------+-----------+------+--------------+-----------------------------------------------------------------------------------------+--------------+
Note: For table entries with two numbers listed, the numbers in parentheses indicate the number of resources of the given type used by the specific entity alone. The numbers listed outside of parentheses indicate the total resources of the given type used by the specific entity and all of its sub-entities in the hierarchy.


+------------------------------------------------------------------------------------------------------------------------------------------------------------------------------------------+
; Analysis & Synthesis RAM Summary                                                                                                                                                         ;
+--------------------------------------------------------------------------------------+------+------------------+--------------+--------------+--------------+--------------+------+------+
; Name                                                                                 ; Type ; Mode             ; Port A Depth ; Port A Width ; Port B Depth ; Port B Width ; Size ; MIF  ;
+--------------------------------------------------------------------------------------+------+------------------+--------------+--------------+--------------+--------------+------+------+
; fifo:output_fifo|altsyncram:fifo_buf_rtl_0|altsyncram_qgc1:auto_generated|ALTSYNCRAM ; AUTO ; Simple Dual Port ; 1024         ; 8            ; 1024         ; 8            ; 8192 ; None ;
+--------------------------------------------------------------------------------------+------+------------------+--------------+--------------+--------------+--------------+------+------+


Encoding Type:  One-Hot
+------------------------------------------------------------------------------------------------------------------------------------------------------------------------------------------------------------------------------------------------------------------------------------------------------------------------------------------------------------------------------------------------------------------------------------------------------------------------------------------------------------------------+
; State Machine - |udp_read_top|udp_read:reader|state                                                                                                                                                                                                                                                                                                                                                                                                                                                                    ;
+------------------------------+----------------------+---------------------+-------------------------+-----------------------+-------------------------+-------------------------+------------------------+------------------------+------------------------+------------------------+--------------------+--------------------+------------------+----------------------+--------------------+------------------------------+-------------------------+-------------------------+-------------------------+------------+
; Name                         ; state.write_udp_data ; state.read_udp_data ; state.read_udp_checksum ; state.read_udp_length ; state.read_udp_src_port ; state.read_udp_dst_port ; state.read_ip_dst_addr ; state.read_ip_src_addr ; state.read_ip_checksum ; state.read_ip_protocol ; state.read_ip_time ; state.read_ip_flag ; state.read_ip_id ; state.read_ip_length ; state.read_ip_type ; state.read_ip_version_header ; state.read_eth_protocol ; state.read_eth_src_addr ; state.read_eth_dst_addr ; state.init ;
+------------------------------+----------------------+---------------------+-------------------------+-----------------------+-------------------------+-------------------------+------------------------+------------------------+------------------------+------------------------+--------------------+--------------------+------------------+----------------------+--------------------+------------------------------+-------------------------+-------------------------+-------------------------+------------+
; state.init                   ; 0                    ; 0                   ; 0                       ; 0                     ; 0                       ; 0                       ; 0                      ; 0                      ; 0                      ; 0                      ; 0                  ; 0                  ; 0                ; 0                    ; 0                  ; 0                            ; 0                       ; 0                       ; 0                       ; 0          ;
; state.read_eth_dst_addr      ; 0                    ; 0                   ; 0                       ; 0                     ; 0                       ; 0                       ; 0                      ; 0                      ; 0                      ; 0                      ; 0                  ; 0                  ; 0                ; 0                    ; 0                  ; 0                            ; 0                       ; 0                       ; 1                       ; 1          ;
; state.read_eth_src_addr      ; 0                    ; 0                   ; 0                       ; 0                     ; 0                       ; 0                       ; 0                      ; 0                      ; 0                      ; 0                      ; 0                  ; 0                  ; 0                ; 0                    ; 0                  ; 0                            ; 0                       ; 1                       ; 0                       ; 1          ;
; state.read_eth_protocol      ; 0                    ; 0                   ; 0                       ; 0                     ; 0                       ; 0                       ; 0                      ; 0                      ; 0                      ; 0                      ; 0                  ; 0                  ; 0                ; 0                    ; 0                  ; 0                            ; 1                       ; 0                       ; 0                       ; 1          ;
; state.read_ip_version_header ; 0                    ; 0                   ; 0                       ; 0                     ; 0                       ; 0                       ; 0                      ; 0                      ; 0                      ; 0                      ; 0                  ; 0                  ; 0                ; 0                    ; 0                  ; 1                            ; 0                       ; 0                       ; 0                       ; 1          ;
; state.read_ip_type           ; 0                    ; 0                   ; 0                       ; 0                     ; 0                       ; 0                       ; 0                      ; 0                      ; 0                      ; 0                      ; 0                  ; 0                  ; 0                ; 0                    ; 1                  ; 0                            ; 0                       ; 0                       ; 0                       ; 1          ;
; state.read_ip_length         ; 0                    ; 0                   ; 0                       ; 0                     ; 0                       ; 0                       ; 0                      ; 0                      ; 0                      ; 0                      ; 0                  ; 0                  ; 0                ; 1                    ; 0                  ; 0                            ; 0                       ; 0                       ; 0                       ; 1          ;
; state.read_ip_id             ; 0                    ; 0                   ; 0                       ; 0                     ; 0                       ; 0                       ; 0                      ; 0                      ; 0                      ; 0                      ; 0                  ; 0                  ; 1                ; 0                    ; 0                  ; 0                            ; 0                       ; 0                       ; 0                       ; 1          ;
; state.read_ip_flag           ; 0                    ; 0                   ; 0                       ; 0                     ; 0                       ; 0                       ; 0                      ; 0                      ; 0                      ; 0                      ; 0                  ; 1                  ; 0                ; 0                    ; 0                  ; 0                            ; 0                       ; 0                       ; 0                       ; 1          ;
; state.read_ip_time           ; 0                    ; 0                   ; 0                       ; 0                     ; 0                       ; 0                       ; 0                      ; 0                      ; 0                      ; 0                      ; 1                  ; 0                  ; 0                ; 0                    ; 0                  ; 0                            ; 0                       ; 0                       ; 0                       ; 1          ;
; state.read_ip_protocol       ; 0                    ; 0                   ; 0                       ; 0                     ; 0                       ; 0                       ; 0                      ; 0                      ; 0                      ; 1                      ; 0                  ; 0                  ; 0                ; 0                    ; 0                  ; 0                            ; 0                       ; 0                       ; 0                       ; 1          ;
; state.read_ip_checksum       ; 0                    ; 0                   ; 0                       ; 0                     ; 0                       ; 0                       ; 0                      ; 0                      ; 1                      ; 0                      ; 0                  ; 0                  ; 0                ; 0                    ; 0                  ; 0                            ; 0                       ; 0                       ; 0                       ; 1          ;
; state.read_ip_src_addr       ; 0                    ; 0                   ; 0                       ; 0                     ; 0                       ; 0                       ; 0                      ; 1                      ; 0                      ; 0                      ; 0                  ; 0                  ; 0                ; 0                    ; 0                  ; 0                            ; 0                       ; 0                       ; 0                       ; 1          ;
; state.read_ip_dst_addr       ; 0                    ; 0                   ; 0                       ; 0                     ; 0                       ; 0                       ; 1                      ; 0                      ; 0                      ; 0                      ; 0                  ; 0                  ; 0                ; 0                    ; 0                  ; 0                            ; 0                       ; 0                       ; 0                       ; 1          ;
; state.read_udp_dst_port      ; 0                    ; 0                   ; 0                       ; 0                     ; 0                       ; 1                       ; 0                      ; 0                      ; 0                      ; 0                      ; 0                  ; 0                  ; 0                ; 0                    ; 0                  ; 0                            ; 0                       ; 0                       ; 0                       ; 1          ;
; state.read_udp_src_port      ; 0                    ; 0                   ; 0                       ; 0                     ; 1                       ; 0                       ; 0                      ; 0                      ; 0                      ; 0                      ; 0                  ; 0                  ; 0                ; 0                    ; 0                  ; 0                            ; 0                       ; 0                       ; 0                       ; 1          ;
; state.read_udp_length        ; 0                    ; 0                   ; 0                       ; 1                     ; 0                       ; 0                       ; 0                      ; 0                      ; 0                      ; 0                      ; 0                  ; 0                  ; 0                ; 0                    ; 0                  ; 0                            ; 0                       ; 0                       ; 0                       ; 1          ;
; state.read_udp_checksum      ; 0                    ; 0                   ; 1                       ; 0                     ; 0                       ; 0                       ; 0                      ; 0                      ; 0                      ; 0                      ; 0                  ; 0                  ; 0                ; 0                    ; 0                  ; 0                            ; 0                       ; 0                       ; 0                       ; 1          ;
; state.read_udp_data          ; 0                    ; 1                   ; 0                       ; 0                     ; 0                       ; 0                       ; 0                      ; 0                      ; 0                      ; 0                      ; 0                  ; 0                  ; 0                ; 0                    ; 0                  ; 0                            ; 0                       ; 0                       ; 0                       ; 1          ;
; state.write_udp_data         ; 1                    ; 0                   ; 0                       ; 0                     ; 0                       ; 0                       ; 0                      ; 0                      ; 0                      ; 0                      ; 0                  ; 0                  ; 0                ; 0                    ; 0                  ; 0                            ; 0                       ; 0                       ; 0                       ; 1          ;
+------------------------------+----------------------+---------------------+-------------------------+-----------------------+-------------------------+-------------------------+------------------------+------------------------+------------------------+------------------------+--------------------+--------------------+------------------+----------------------+--------------------+------------------------------+-------------------------+-------------------------+-------------------------+------------+


+---------------------------------------------------------------------------------------+
; Registers Removed During Synthesis                                                    ;
+----------------------------------------------+----------------------------------------+
; Register name                                ; Reason for Removal                     ;
+----------------------------------------------+----------------------------------------+
; udp_read:reader|state.read_ip_length         ; Stuck at GND due to stuck port data_in ;
; udp_read:reader|ip_length[0..15]             ; Stuck at GND due to stuck port data_in ;
; udp_read:reader|state.read_ip_id             ; Stuck at GND due to stuck port data_in ;
; udp_read:reader|state.read_ip_flag           ; Stuck at GND due to stuck port data_in ;
; udp_read:reader|state.read_ip_time           ; Stuck at GND due to stuck port data_in ;
; udp_read:reader|state.read_ip_protocol       ; Stuck at GND due to stuck port data_in ;
; udp_read:reader|state.read_ip_checksum       ; Stuck at GND due to stuck port data_in ;
; udp_read:reader|ip_protocol[0..7]            ; Stuck at GND due to stuck port data_in ;
; udp_read:reader|state.read_ip_src_addr       ; Stuck at GND due to stuck port data_in ;
; udp_read:reader|state.read_ip_dst_addr       ; Stuck at GND due to stuck port data_in ;
; udp_read:reader|ip_src_addr[0..31]           ; Stuck at GND due to stuck port data_in ;
; udp_read:reader|state.read_udp_dst_port      ; Stuck at GND due to stuck port data_in ;
; udp_read:reader|ip_dst_addr[0..31]           ; Stuck at GND due to stuck port data_in ;
; udp_read:reader|state.read_udp_src_port      ; Stuck at GND due to stuck port data_in ;
; udp_read:reader|udp_dst_port[0..15]          ; Stuck at GND due to stuck port data_in ;
; udp_read:reader|state.read_udp_length        ; Stuck at GND due to stuck port data_in ;
; udp_read:reader|udp_src_port[0..15]          ; Stuck at GND due to stuck port data_in ;
; udp_read:reader|state.read_udp_checksum      ; Stuck at GND due to stuck port data_in ;
; udp_read:reader|udp_length[0..15]            ; Stuck at GND due to stuck port data_in ;
; fifo:length_fifo|dout[0..2]                  ; Stuck at GND due to stuck port data_in ;
; udp_read:reader|state.read_udp_data          ; Stuck at GND due to stuck port data_in ;
; udp_read:reader|udp_checksum[0..15]          ; Stuck at GND due to stuck port data_in ;
; udp_read:reader|state.write_udp_data         ; Stuck at GND due to stuck port data_in ;
; udp_read:reader|sum[0..31]                   ; Stuck at GND due to stuck port data_in ;
; fifo:length_fifo|dout[3..15]                 ; Stuck at GND due to stuck port data_in ;
; fifo:output_fifo|write_addr[0..10]           ; Stuck at GND due to stuck port data_in ;
; fifo:length_fifo|write_addr[0..3]            ; Stuck at GND due to stuck port data_in ;
; udp_read:reader|check_word[0..15]            ; Stuck at GND due to stuck port data_in ;
; udp_read:reader|state.init                   ; Lost fanout                            ;
; udp_read:reader|state.read_eth_dst_addr      ; Lost fanout                            ;
; udp_read:reader|state.read_eth_src_addr      ; Lost fanout                            ;
; udp_read:reader|state.read_eth_protocol      ; Lost fanout                            ;
; udp_read:reader|state.read_ip_version_header ; Lost fanout                            ;
; udp_read:reader|state.read_ip_type           ; Lost fanout                            ;
; udp_read:reader|byte_count[0..30]            ; Lost fanout                            ;
; udp_read:reader|eth_protocol[0..15]          ; Lost fanout                            ;
; Total Number of Removed Registers = 298      ;                                        ;
+----------------------------------------------+----------------------------------------+


+----------------------------------------------------------------------------------------------------------------------------------------------------------+
; Removed Registers Triggering Further Register Optimizations                                                                                              ;
+-----------------------------------------+---------------------------+------------------------------------------------------------------------------------+
; Register name                           ; Reason for Removal        ; Registers Removed due to This Register                                             ;
+-----------------------------------------+---------------------------+------------------------------------------------------------------------------------+
; udp_read:reader|state.read_ip_length    ; Stuck at GND              ; udp_read:reader|ip_length[15], udp_read:reader|ip_length[14],                      ;
;                                         ; due to stuck port data_in ; udp_read:reader|ip_length[13], udp_read:reader|ip_length[12],                      ;
;                                         ;                           ; udp_read:reader|ip_length[11], udp_read:reader|ip_length[10],                      ;
;                                         ;                           ; udp_read:reader|ip_length[9], udp_read:reader|ip_length[8],                        ;
;                                         ;                           ; udp_read:reader|ip_length[7], udp_read:reader|ip_length[6],                        ;
;                                         ;                           ; udp_read:reader|ip_length[5], udp_read:reader|ip_length[3],                        ;
;                                         ;                           ; udp_read:reader|ip_length[2], udp_read:reader|ip_length[1],                        ;
;                                         ;                           ; udp_read:reader|ip_length[0], udp_read:reader|ip_protocol[3],                      ;
;                                         ;                           ; udp_read:reader|ip_protocol[2], udp_read:reader|ip_protocol[1],                    ;
;                                         ;                           ; udp_read:reader|ip_protocol[0], udp_read:reader|ip_src_addr[3],                    ;
;                                         ;                           ; udp_read:reader|ip_src_addr[2], udp_read:reader|ip_src_addr[1],                    ;
;                                         ;                           ; udp_read:reader|ip_src_addr[0], udp_read:reader|ip_dst_addr[3],                    ;
;                                         ;                           ; udp_read:reader|ip_dst_addr[2], udp_read:reader|ip_dst_addr[1],                    ;
;                                         ;                           ; udp_read:reader|ip_dst_addr[0], udp_read:reader|udp_dst_port[3],                   ;
;                                         ;                           ; udp_read:reader|udp_dst_port[2], udp_read:reader|udp_dst_port[1],                  ;
;                                         ;                           ; udp_read:reader|udp_dst_port[0], udp_read:reader|udp_src_port[3],                  ;
;                                         ;                           ; udp_read:reader|udp_src_port[2], udp_read:reader|udp_src_port[1],                  ;
;                                         ;                           ; udp_read:reader|udp_src_port[0], udp_read:reader|udp_length[1],                    ;
;                                         ;                           ; udp_read:reader|udp_length[2], udp_read:reader|udp_length[3],                      ;
;                                         ;                           ; udp_read:reader|udp_checksum[3], udp_read:reader|udp_checksum[2],                  ;
;                                         ;                           ; udp_read:reader|udp_checksum[1], udp_read:reader|udp_checksum[0],                  ;
;                                         ;                           ; udp_read:reader|sum[15], udp_read:reader|sum[14], udp_read:reader|sum[13],         ;
;                                         ;                           ; udp_read:reader|sum[12], udp_read:reader|sum[11], udp_read:reader|sum[10],         ;
;                                         ;                           ; udp_read:reader|sum[9], udp_read:reader|sum[8], udp_read:reader|sum[7],            ;
;                                         ;                           ; udp_read:reader|sum[6], udp_read:reader|sum[5], udp_read:reader|sum[4],            ;
;                                         ;                           ; udp_read:reader|sum[3], udp_read:reader|sum[2], udp_read:reader|sum[1],            ;
;                                         ;                           ; udp_read:reader|sum[0], udp_read:reader|sum[31], udp_read:reader|sum[30],          ;
;                                         ;                           ; udp_read:reader|sum[29], udp_read:reader|sum[28], udp_read:reader|sum[27],         ;
;                                         ;                           ; udp_read:reader|sum[26], udp_read:reader|sum[25], udp_read:reader|sum[24],         ;
;                                         ;                           ; udp_read:reader|sum[23], udp_read:reader|sum[22], udp_read:reader|sum[21],         ;
;                                         ;                           ; udp_read:reader|sum[20], udp_read:reader|sum[19], udp_read:reader|sum[18],         ;
;                                         ;                           ; udp_read:reader|sum[17], udp_read:reader|sum[16], udp_read:reader|check_word[3],   ;
;                                         ;                           ; udp_read:reader|check_word[2], udp_read:reader|check_word[1],                      ;
;                                         ;                           ; udp_read:reader|check_word[0], udp_read:reader|state.init,                         ;
;                                         ;                           ; udp_read:reader|state.read_eth_dst_addr, udp_read:reader|state.read_eth_src_addr,  ;
;                                         ;                           ; udp_read:reader|state.read_eth_protocol,                                           ;
;                                         ;                           ; udp_read:reader|state.read_ip_version_header, udp_read:reader|state.read_ip_type,  ;
;                                         ;                           ; udp_read:reader|byte_count[30], udp_read:reader|byte_count[29],                    ;
;                                         ;                           ; udp_read:reader|byte_count[28], udp_read:reader|byte_count[6],                     ;
;                                         ;                           ; udp_read:reader|byte_count[5], udp_read:reader|eth_protocol[12],                   ;
;                                         ;                           ; udp_read:reader|eth_protocol[11], udp_read:reader|eth_protocol[4],                 ;
;                                         ;                           ; udp_read:reader|eth_protocol[3]                                                    ;
; udp_read:reader|state.read_ip_dst_addr  ; Stuck at GND              ; udp_read:reader|state.read_udp_dst_port, udp_read:reader|ip_dst_addr[31],          ;
;                                         ; due to stuck port data_in ; udp_read:reader|ip_dst_addr[30], udp_read:reader|ip_dst_addr[29],                  ;
;                                         ;                           ; udp_read:reader|ip_dst_addr[28], udp_read:reader|ip_dst_addr[27],                  ;
;                                         ;                           ; udp_read:reader|ip_dst_addr[26], udp_read:reader|ip_dst_addr[25],                  ;
;                                         ;                           ; udp_read:reader|ip_dst_addr[24], udp_read:reader|ip_dst_addr[23],                  ;
;                                         ;                           ; udp_read:reader|ip_dst_addr[22], udp_read:reader|ip_dst_addr[21],                  ;
;                                         ;                           ; udp_read:reader|ip_dst_addr[20], udp_read:reader|ip_dst_addr[19],                  ;
;                                         ;                           ; udp_read:reader|ip_dst_addr[18], udp_read:reader|ip_dst_addr[17],                  ;
;                                         ;                           ; udp_read:reader|ip_dst_addr[16], udp_read:reader|ip_dst_addr[15],                  ;
;                                         ;                           ; udp_read:reader|ip_dst_addr[14], udp_read:reader|ip_dst_addr[13],                  ;
;                                         ;                           ; udp_read:reader|ip_dst_addr[12], udp_read:reader|ip_dst_addr[11],                  ;
;                                         ;                           ; udp_read:reader|ip_dst_addr[10], udp_read:reader|ip_dst_addr[9],                   ;
;                                         ;                           ; udp_read:reader|ip_dst_addr[8], udp_read:reader|ip_dst_addr[7],                    ;
;                                         ;                           ; udp_read:reader|ip_dst_addr[6], udp_read:reader|ip_dst_addr[5],                    ;
;                                         ;                           ; udp_read:reader|ip_dst_addr[4], udp_read:reader|udp_dst_port[15],                  ;
;                                         ;                           ; udp_read:reader|udp_dst_port[14], udp_read:reader|udp_dst_port[13],                ;
;                                         ;                           ; udp_read:reader|udp_dst_port[12], udp_read:reader|udp_dst_port[11],                ;
;                                         ;                           ; udp_read:reader|udp_dst_port[10], udp_read:reader|udp_dst_port[9],                 ;
;                                         ;                           ; udp_read:reader|udp_dst_port[8], udp_read:reader|udp_dst_port[7],                  ;
;                                         ;                           ; udp_read:reader|udp_dst_port[6], udp_read:reader|udp_dst_port[5],                  ;
;                                         ;                           ; udp_read:reader|udp_dst_port[4]                                                    ;
; udp_read:reader|state.read_ip_protocol  ; Stuck at GND              ; udp_read:reader|ip_protocol[7], udp_read:reader|ip_protocol[6],                    ;
;                                         ; due to stuck port data_in ; udp_read:reader|ip_protocol[5], udp_read:reader|ip_protocol[4],                    ;
;                                         ;                           ; udp_read:reader|state.read_ip_src_addr, udp_read:reader|ip_src_addr[31],           ;
;                                         ;                           ; udp_read:reader|ip_src_addr[30], udp_read:reader|ip_src_addr[29],                  ;
;                                         ;                           ; udp_read:reader|ip_src_addr[28], udp_read:reader|ip_src_addr[27],                  ;
;                                         ;                           ; udp_read:reader|ip_src_addr[26], udp_read:reader|ip_src_addr[25],                  ;
;                                         ;                           ; udp_read:reader|ip_src_addr[24], udp_read:reader|ip_src_addr[23],                  ;
;                                         ;                           ; udp_read:reader|ip_src_addr[22], udp_read:reader|ip_src_addr[21],                  ;
;                                         ;                           ; udp_read:reader|ip_src_addr[20], udp_read:reader|ip_src_addr[19],                  ;
;                                         ;                           ; udp_read:reader|ip_src_addr[18], udp_read:reader|ip_src_addr[17],                  ;
;                                         ;                           ; udp_read:reader|ip_src_addr[16], udp_read:reader|ip_src_addr[15],                  ;
;                                         ;                           ; udp_read:reader|ip_src_addr[14], udp_read:reader|ip_src_addr[13],                  ;
;                                         ;                           ; udp_read:reader|ip_src_addr[12], udp_read:reader|ip_src_addr[11],                  ;
;                                         ;                           ; udp_read:reader|ip_src_addr[10], udp_read:reader|ip_src_addr[9],                   ;
;                                         ;                           ; udp_read:reader|ip_src_addr[8], udp_read:reader|ip_src_addr[7],                    ;
;                                         ;                           ; udp_read:reader|ip_src_addr[6], udp_read:reader|ip_src_addr[5],                    ;
;                                         ;                           ; udp_read:reader|ip_src_addr[4]                                                     ;
; udp_read:reader|state.read_udp_checksum ; Stuck at GND              ; udp_read:reader|udp_checksum[15], udp_read:reader|udp_checksum[14],                ;
;                                         ; due to stuck port data_in ; udp_read:reader|udp_checksum[13], udp_read:reader|udp_checksum[12],                ;
;                                         ;                           ; udp_read:reader|udp_checksum[11], udp_read:reader|udp_checksum[10],                ;
;                                         ;                           ; udp_read:reader|udp_checksum[9], udp_read:reader|udp_checksum[8],                  ;
;                                         ;                           ; udp_read:reader|udp_checksum[7], udp_read:reader|udp_checksum[6],                  ;
;                                         ;                           ; udp_read:reader|udp_checksum[5], udp_read:reader|udp_checksum[4],                  ;
;                                         ;                           ; fifo:output_fifo|write_addr[9], fifo:output_fifo|write_addr[8],                    ;
;                                         ;                           ; fifo:output_fifo|write_addr[7], fifo:output_fifo|write_addr[6],                    ;
;                                         ;                           ; fifo:output_fifo|write_addr[5], fifo:output_fifo|write_addr[4],                    ;
;                                         ;                           ; fifo:output_fifo|write_addr[3], fifo:output_fifo|write_addr[2],                    ;
;                                         ;                           ; fifo:output_fifo|write_addr[1], fifo:output_fifo|write_addr[0],                    ;
;                                         ;                           ; fifo:output_fifo|write_addr[10], fifo:length_fifo|write_addr[3],                   ;
;                                         ;                           ; fifo:length_fifo|write_addr[0]                                                     ;
; udp_read:reader|state.read_ip_flag      ; Stuck at GND              ; udp_read:reader|udp_length[0], fifo:length_fifo|dout[0], fifo:length_fifo|dout[1], ;
;                                         ; due to stuck port data_in ; fifo:length_fifo|dout[2], fifo:length_fifo|dout[3], fifo:length_fifo|dout[4],      ;
;                                         ;                           ; fifo:length_fifo|dout[5], fifo:length_fifo|dout[6], fifo:length_fifo|dout[7],      ;
;                                         ;                           ; fifo:length_fifo|dout[8], udp_read:reader|byte_count[4],                           ;
;                                         ;                           ; udp_read:reader|byte_count[3], udp_read:reader|byte_count[2],                      ;
;                                         ;                           ; udp_read:reader|byte_count[1]                                                      ;
; udp_read:reader|state.read_udp_length   ; Stuck at GND              ; udp_read:reader|udp_length[8], udp_read:reader|udp_length[9],                      ;
;                                         ; due to stuck port data_in ; udp_read:reader|udp_length[10], udp_read:reader|udp_length[11],                    ;
;                                         ;                           ; udp_read:reader|udp_length[12], udp_read:reader|udp_length[13],                    ;
;                                         ;                           ; udp_read:reader|udp_length[14], udp_read:reader|udp_length[15],                    ;
;                                         ;                           ; udp_read:reader|byte_count[15], udp_read:reader|byte_count[14],                    ;
;                                         ;                           ; udp_read:reader|byte_count[13], udp_read:reader|byte_count[12],                    ;
;                                         ;                           ; udp_read:reader|byte_count[11]                                                     ;
; udp_read:reader|state.read_udp_src_port ; Stuck at GND              ; udp_read:reader|udp_src_port[15], udp_read:reader|udp_src_port[14],                ;
;                                         ; due to stuck port data_in ; udp_read:reader|udp_src_port[13], udp_read:reader|udp_src_port[12],                ;
;                                         ;                           ; udp_read:reader|udp_src_port[11], udp_read:reader|udp_src_port[10],                ;
;                                         ;                           ; udp_read:reader|udp_src_port[9], udp_read:reader|udp_src_port[8],                  ;
;                                         ;                           ; udp_read:reader|udp_src_port[7], udp_read:reader|udp_src_port[6],                  ;
;                                         ;                           ; udp_read:reader|udp_src_port[5], udp_read:reader|udp_src_port[4]                   ;
; udp_read:reader|state.read_udp_data     ; Stuck at GND              ; udp_read:reader|check_word[15], udp_read:reader|check_word[14],                    ;
;                                         ; due to stuck port data_in ; udp_read:reader|check_word[13], udp_read:reader|check_word[12],                    ;
;                                         ;                           ; udp_read:reader|check_word[11], udp_read:reader|check_word[10],                    ;
;                                         ;                           ; udp_read:reader|check_word[9], udp_read:reader|check_word[8]                       ;
; udp_read:reader|state.write_udp_data    ; Stuck at GND              ; fifo:length_fifo|dout[9], udp_read:reader|eth_protocol[14],                        ;
;                                         ; due to stuck port data_in ; udp_read:reader|eth_protocol[13], udp_read:reader|eth_protocol[6],                 ;
;                                         ;                           ; udp_read:reader|eth_protocol[5]                                                    ;
; udp_read:reader|state.read_ip_id        ; Stuck at GND              ; udp_read:reader|byte_count[27], udp_read:reader|byte_count[26],                    ;
;                                         ; due to stuck port data_in ; udp_read:reader|byte_count[25], udp_read:reader|byte_count[0]                      ;
; udp_read:reader|state.read_ip_checksum  ; Stuck at GND              ; udp_read:reader|eth_protocol[15], udp_read:reader|eth_protocol[7]                  ;
;                                         ; due to stuck port data_in ;                                                                                    ;
; udp_read:reader|udp_length[4]           ; Stuck at GND              ; udp_read:reader|byte_count[7]                                                      ;
;                                         ; due to stuck port data_in ;                                                                                    ;
; udp_read:reader|udp_length[5]           ; Stuck at GND              ; udp_read:reader|byte_count[8]                                                      ;
;                                         ; due to stuck port data_in ;                                                                                    ;
; udp_read:reader|udp_length[6]           ; Stuck at GND              ; udp_read:reader|byte_count[9]                                                      ;
;                                         ; due to stuck port data_in ;                                                                                    ;
; udp_read:reader|udp_length[7]           ; Stuck at GND              ; udp_read:reader|byte_count[10]                                                     ;
;                                         ; due to stuck port data_in ;                                                                                    ;
; udp_read:reader|state.read_ip_time      ; Stuck at GND              ; udp_read:reader|byte_count[24]                                                     ;
;                                         ; due to stuck port data_in ;                                                                                    ;
; udp_read:reader|eth_protocol[10]        ; Lost Fanouts              ; udp_read:reader|eth_protocol[2]                                                    ;
; udp_read:reader|eth_protocol[9]         ; Lost Fanouts              ; udp_read:reader|eth_protocol[1]                                                    ;
; udp_read:reader|eth_protocol[8]         ; Lost Fanouts              ; udp_read:reader|eth_protocol[0]                                                    ;
+-----------------------------------------+---------------------------+------------------------------------------------------------------------------------+


+------------------------------------------------------+
; General Register Statistics                          ;
+----------------------------------------------+-------+
; Statistic                                    ; Value ;
+----------------------------------------------+-------+
; Total registers                              ; 40    ;
; Number of registers using Synchronous Clear  ; 0     ;
; Number of registers using Synchronous Load   ; 0     ;
; Number of registers using Asynchronous Clear ; 40    ;
; Number of registers using Asynchronous Load  ; 0     ;
; Number of registers using Clock Enable       ; 10    ;
; Number of registers using Preset             ; 0     ;
+----------------------------------------------+-------+


+--------------------------------------------------+
; Inverted Register Statistics                     ;
+----------------------------------------+---------+
; Inverted Register                      ; Fan out ;
+----------------------------------------+---------+
; fifo:output_fifo|empty                 ; 1       ;
; fifo:length_fifo|empty                 ; 1       ;
; fifo:input_fifo|empty                  ; 1       ;
; Total number of inverted registers = 3 ;         ;
+----------------------------------------+---------+


+----------------------------------------------------------------------+
; Registers Packed Into Inferred Megafunctions                         ;
+-----------------------------+---------------------------------+------+
; Register Name               ; Megafunction                    ; Type ;
+-----------------------------+---------------------------------+------+
; fifo:output_fifo|dout[0..7] ; fifo:output_fifo|fifo_buf_rtl_0 ; RAM  ;
; fifo:input_fifo|dout[0..7]  ; fifo:input_fifo|fifo_buf_rtl_0  ; RAM  ;
+-----------------------------+---------------------------------+------+


+------------------------------------------------------------------------------------------------------------------------------------------------------------+
; Multiplexer Restructuring Statistics (Restructuring Performed)                                                                                             ;
+--------------------+-----------+---------------+----------------------+------------------------+------------+----------------------------------------------+
; Multiplexer Inputs ; Bus Width ; Baseline Area ; Area if Restructured ; Saving if Restructured ; Registered ; Example Multiplexer Output                   ;
+--------------------+-----------+---------------+----------------------+------------------------+------------+----------------------------------------------+
; 27:1               ; 16 bits   ; 288 LEs       ; 128 LEs              ; 160 LEs                ; Yes        ; |udp_read_top|udp_read:reader|sum[25]        ;
; 28:1               ; 16 bits   ; 288 LEs       ; 128 LEs              ; 160 LEs                ; Yes        ; |udp_read_top|udp_read:reader|sum[8]         ;
; 19:1               ; 31 bits   ; 372 LEs       ; 31 LEs               ; 341 LEs                ; Yes        ; |udp_read_top|udp_read:reader|byte_count[12] ;
; 3:1                ; 8 bits    ; 16 LEs        ; 8 LEs                ; 8 LEs                  ; No         ; |udp_read_top|udp_read:reader|output_din[0]  ;
; 21:1               ; 3 bits    ; 42 LEs        ; 9 LEs                ; 33 LEs                 ; No         ; |udp_read_top|udp_read:reader|Selector267    ;
; 24:1               ; 2 bits    ; 32 LEs        ; 6 LEs                ; 26 LEs                 ; No         ; |udp_read_top|udp_read:reader|Selector251    ;
; 24:1               ; 2 bits    ; 32 LEs        ; 6 LEs                ; 26 LEs                 ; No         ; |udp_read_top|udp_read:reader|Selector261    ;
+--------------------+-----------+---------------+----------------------+------------------------+------------+----------------------------------------------+


+-------------------------------------------------------------------------------------------------+
; Source assignments for fifo:input_fifo|altsyncram:fifo_buf_rtl_0|altsyncram_4rc1:auto_generated ;
+---------------------------------+--------------------+------+-----------------------------------+
; Assignment                      ; Value              ; From ; To                                ;
+---------------------------------+--------------------+------+-----------------------------------+
; OPTIMIZE_POWER_DURING_SYNTHESIS ; NORMAL_COMPILATION ; -    ; -                                 ;
+---------------------------------+--------------------+------+-----------------------------------+


+--------------------------------------------------------------------------------------------------+
; Source assignments for fifo:output_fifo|altsyncram:fifo_buf_rtl_0|altsyncram_qgc1:auto_generated ;
+---------------------------------+--------------------+------+------------------------------------+
; Assignment                      ; Value              ; From ; To                                 ;
+---------------------------------+--------------------+------+------------------------------------+
; OPTIMIZE_POWER_DURING_SYNTHESIS ; NORMAL_COMPILATION ; -    ; -                                  ;
+---------------------------------+--------------------+------+------------------------------------+


+------------------------------------------------------------------------------+
; Parameter Settings for User Entity Instance: Top-level Entity: |udp_read_top ;
+--------------------+-------+-------------------------------------------------+
; Parameter Name     ; Value ; Type                                            ;
+--------------------+-------+-------------------------------------------------+
; DWIDTH             ; 8     ; Signed Integer                                  ;
; BUFFER_SIZE        ; 1024  ; Signed Integer                                  ;
; LENGTH_BUFFER_SIZE ; 16    ; Signed Integer                                  ;
+--------------------+-------+-------------------------------------------------+
Note: In order to hide this table in the UI and the text report file, please set the "Show Parameter Settings in Synthesis Report" option in "Analysis and Synthesis Settings -> More Settings" to "Off".


+--------------------------------------------------------------+
; Parameter Settings for User Entity Instance: fifo:input_fifo ;
+----------------+-------+-------------------------------------+
; Parameter Name ; Value ; Type                                ;
+----------------+-------+-------------------------------------+
; dwidth         ; 8     ; Signed Integer                      ;
; buffer_size    ; 1024  ; Signed Integer                      ;
+----------------+-------+-------------------------------------+
Note: In order to hide this table in the UI and the text report file, please set the "Show Parameter Settings in Synthesis Report" option in "Analysis and Synthesis Settings -> More Settings" to "Off".


+---------------------------------------------------------------+
; Parameter Settings for User Entity Instance: fifo:output_fifo ;
+----------------+-------+--------------------------------------+
; Parameter Name ; Value ; Type                                 ;
+----------------+-------+--------------------------------------+
; dwidth         ; 8     ; Signed Integer                       ;
; buffer_size    ; 1024  ; Signed Integer                       ;
+----------------+-------+--------------------------------------+
Note: In order to hide this table in the UI and the text report file, please set the "Show Parameter Settings in Synthesis Report" option in "Analysis and Synthesis Settings -> More Settings" to "Off".


+---------------------------------------------------------------+
; Parameter Settings for User Entity Instance: fifo:length_fifo ;
+----------------+-------+--------------------------------------+
; Parameter Name ; Value ; Type                                 ;
+----------------+-------+--------------------------------------+
; dwidth         ; 16    ; Signed Integer                       ;
; buffer_size    ; 16    ; Signed Integer                       ;
+----------------+-------+--------------------------------------+
Note: In order to hide this table in the UI and the text report file, please set the "Show Parameter Settings in Synthesis Report" option in "Analysis and Synthesis Settings -> More Settings" to "Off".


+--------------------------------------------------------------------------------------------+
; Parameter Settings for Inferred Entity Instance: fifo:input_fifo|altsyncram:fifo_buf_rtl_0 ;
+------------------------------------+----------------------+--------------------------------+
; Parameter Name                     ; Value                ; Type                           ;
+------------------------------------+----------------------+--------------------------------+
; BYTE_SIZE_BLOCK                    ; 8                    ; Untyped                        ;
; AUTO_CARRY_CHAINS                  ; ON                   ; AUTO_CARRY                     ;
; IGNORE_CARRY_BUFFERS               ; OFF                  ; IGNORE_CARRY                   ;
; AUTO_CASCADE_CHAINS                ; ON                   ; AUTO_CASCADE                   ;
; IGNORE_CASCADE_BUFFERS             ; OFF                  ; IGNORE_CASCADE                 ;
; WIDTH_BYTEENA                      ; 1                    ; Untyped                        ;
; OPERATION_MODE                     ; DUAL_PORT            ; Untyped                        ;
; WIDTH_A                            ; 8                    ; Untyped                        ;
; WIDTHAD_A                          ; 10                   ; Untyped                        ;
; NUMWORDS_A                         ; 1024                 ; Untyped                        ;
; OUTDATA_REG_A                      ; UNREGISTERED         ; Untyped                        ;
; ADDRESS_ACLR_A                     ; NONE                 ; Untyped                        ;
; OUTDATA_ACLR_A                     ; NONE                 ; Untyped                        ;
; WRCONTROL_ACLR_A                   ; NONE                 ; Untyped                        ;
; INDATA_ACLR_A                      ; NONE                 ; Untyped                        ;
; BYTEENA_ACLR_A                     ; NONE                 ; Untyped                        ;
; WIDTH_B                            ; 8                    ; Untyped                        ;
; WIDTHAD_B                          ; 10                   ; Untyped                        ;
; NUMWORDS_B                         ; 1024                 ; Untyped                        ;
; INDATA_REG_B                       ; CLOCK1               ; Untyped                        ;
; WRCONTROL_WRADDRESS_REG_B          ; CLOCK1               ; Untyped                        ;
; RDCONTROL_REG_B                    ; CLOCK1               ; Untyped                        ;
; ADDRESS_REG_B                      ; CLOCK1               ; Untyped                        ;
; OUTDATA_REG_B                      ; UNREGISTERED         ; Untyped                        ;
; BYTEENA_REG_B                      ; CLOCK1               ; Untyped                        ;
; INDATA_ACLR_B                      ; NONE                 ; Untyped                        ;
; WRCONTROL_ACLR_B                   ; NONE                 ; Untyped                        ;
; ADDRESS_ACLR_B                     ; NONE                 ; Untyped                        ;
; OUTDATA_ACLR_B                     ; NONE                 ; Untyped                        ;
; RDCONTROL_ACLR_B                   ; NONE                 ; Untyped                        ;
; BYTEENA_ACLR_B                     ; NONE                 ; Untyped                        ;
; WIDTH_BYTEENA_A                    ; 1                    ; Untyped                        ;
; WIDTH_BYTEENA_B                    ; 1                    ; Untyped                        ;
; RAM_BLOCK_TYPE                     ; AUTO                 ; Untyped                        ;
; BYTE_SIZE                          ; 8                    ; Untyped                        ;
; READ_DURING_WRITE_MODE_MIXED_PORTS ; DONT_CARE            ; Untyped                        ;
; READ_DURING_WRITE_MODE_PORT_A      ; NEW_DATA_NO_NBE_READ ; Untyped                        ;
; READ_DURING_WRITE_MODE_PORT_B      ; NEW_DATA_NO_NBE_READ ; Untyped                        ;
; INIT_FILE                          ; UNUSED               ; Untyped                        ;
; INIT_FILE_LAYOUT                   ; PORT_A               ; Untyped                        ;
; MAXIMUM_DEPTH                      ; 0                    ; Untyped                        ;
; CLOCK_ENABLE_INPUT_A               ; NORMAL               ; Untyped                        ;
; CLOCK_ENABLE_INPUT_B               ; NORMAL               ; Untyped                        ;
; CLOCK_ENABLE_OUTPUT_A              ; NORMAL               ; Untyped                        ;
; CLOCK_ENABLE_OUTPUT_B              ; NORMAL               ; Untyped                        ;
; CLOCK_ENABLE_CORE_A                ; USE_INPUT_CLKEN      ; Untyped                        ;
; CLOCK_ENABLE_CORE_B                ; USE_INPUT_CLKEN      ; Untyped                        ;
; ENABLE_ECC                         ; FALSE                ; Untyped                        ;
; ECC_PIPELINE_STAGE_ENABLED         ; FALSE                ; Untyped                        ;
; WIDTH_ECCSTATUS                    ; 3                    ; Untyped                        ;
; DEVICE_FAMILY                      ; Cyclone IV E         ; Untyped                        ;
; CBXI_PARAMETER                     ; altsyncram_4rc1      ; Untyped                        ;
+------------------------------------+----------------------+--------------------------------+
Note: In order to hide this table in the UI and the text report file, please set the "Show Parameter Settings in Synthesis Report" option in "Analysis and Synthesis Settings -> More Settings" to "Off".


+---------------------------------------------------------------------------------------------+
; Parameter Settings for Inferred Entity Instance: fifo:output_fifo|altsyncram:fifo_buf_rtl_0 ;
+------------------------------------+----------------------+---------------------------------+
; Parameter Name                     ; Value                ; Type                            ;
+------------------------------------+----------------------+---------------------------------+
; BYTE_SIZE_BLOCK                    ; 8                    ; Untyped                         ;
; AUTO_CARRY_CHAINS                  ; ON                   ; AUTO_CARRY                      ;
; IGNORE_CARRY_BUFFERS               ; OFF                  ; IGNORE_CARRY                    ;
; AUTO_CASCADE_CHAINS                ; ON                   ; AUTO_CASCADE                    ;
; IGNORE_CASCADE_BUFFERS             ; OFF                  ; IGNORE_CASCADE                  ;
; WIDTH_BYTEENA                      ; 1                    ; Untyped                         ;
; OPERATION_MODE                     ; DUAL_PORT            ; Untyped                         ;
; WIDTH_A                            ; 8                    ; Untyped                         ;
; WIDTHAD_A                          ; 10                   ; Untyped                         ;
; NUMWORDS_A                         ; 1024                 ; Untyped                         ;
; OUTDATA_REG_A                      ; UNREGISTERED         ; Untyped                         ;
; ADDRESS_ACLR_A                     ; NONE                 ; Untyped                         ;
; OUTDATA_ACLR_A                     ; NONE                 ; Untyped                         ;
; WRCONTROL_ACLR_A                   ; NONE                 ; Untyped                         ;
; INDATA_ACLR_A                      ; NONE                 ; Untyped                         ;
; BYTEENA_ACLR_A                     ; NONE                 ; Untyped                         ;
; WIDTH_B                            ; 8                    ; Untyped                         ;
; WIDTHAD_B                          ; 10                   ; Untyped                         ;
; NUMWORDS_B                         ; 1024                 ; Untyped                         ;
; INDATA_REG_B                       ; CLOCK1               ; Untyped                         ;
; WRCONTROL_WRADDRESS_REG_B          ; CLOCK1               ; Untyped                         ;
; RDCONTROL_REG_B                    ; CLOCK1               ; Untyped                         ;
; ADDRESS_REG_B                      ; CLOCK1               ; Untyped                         ;
; OUTDATA_REG_B                      ; UNREGISTERED         ; Untyped                         ;
; BYTEENA_REG_B                      ; CLOCK1               ; Untyped                         ;
; INDATA_ACLR_B                      ; NONE                 ; Untyped                         ;
; WRCONTROL_ACLR_B                   ; NONE                 ; Untyped                         ;
; ADDRESS_ACLR_B                     ; NONE                 ; Untyped                         ;
; OUTDATA_ACLR_B                     ; NONE                 ; Untyped                         ;
; RDCONTROL_ACLR_B                   ; NONE                 ; Untyped                         ;
; BYTEENA_ACLR_B                     ; NONE                 ; Untyped                         ;
; WIDTH_BYTEENA_A                    ; 1                    ; Untyped                         ;
; WIDTH_BYTEENA_B                    ; 1                    ; Untyped                         ;
; RAM_BLOCK_TYPE                     ; AUTO                 ; Untyped                         ;
; BYTE_SIZE                          ; 8                    ; Untyped                         ;
; READ_DURING_WRITE_MODE_MIXED_PORTS ; DONT_CARE            ; Untyped                         ;
; READ_DURING_WRITE_MODE_PORT_A      ; NEW_DATA_NO_NBE_READ ; Untyped                         ;
; READ_DURING_WRITE_MODE_PORT_B      ; NEW_DATA_NO_NBE_READ ; Untyped                         ;
; INIT_FILE                          ; UNUSED               ; Untyped                         ;
; INIT_FILE_LAYOUT                   ; PORT_A               ; Untyped                         ;
; MAXIMUM_DEPTH                      ; 0                    ; Untyped                         ;
; CLOCK_ENABLE_INPUT_A               ; NORMAL               ; Untyped                         ;
; CLOCK_ENABLE_INPUT_B               ; NORMAL               ; Untyped                         ;
; CLOCK_ENABLE_OUTPUT_A              ; NORMAL               ; Untyped                         ;
; CLOCK_ENABLE_OUTPUT_B              ; NORMAL               ; Untyped                         ;
; CLOCK_ENABLE_CORE_A                ; USE_INPUT_CLKEN      ; Untyped                         ;
; CLOCK_ENABLE_CORE_B                ; USE_INPUT_CLKEN      ; Untyped                         ;
; ENABLE_ECC                         ; FALSE                ; Untyped                         ;
; ECC_PIPELINE_STAGE_ENABLED         ; FALSE                ; Untyped                         ;
; WIDTH_ECCSTATUS                    ; 3                    ; Untyped                         ;
; DEVICE_FAMILY                      ; Cyclone IV E         ; Untyped                         ;
; CBXI_PARAMETER                     ; altsyncram_qgc1      ; Untyped                         ;
+------------------------------------+----------------------+---------------------------------+
Note: In order to hide this table in the UI and the text report file, please set the "Show Parameter Settings in Synthesis Report" option in "Analysis and Synthesis Settings -> More Settings" to "Off".


+----------------------------------------------------------------------------------------+
; altsyncram Parameter Settings by Entity Instance                                       ;
+-------------------------------------------+--------------------------------------------+
; Name                                      ; Value                                      ;
+-------------------------------------------+--------------------------------------------+
; Number of entity instances                ; 2                                          ;
; Entity Instance                           ; fifo:input_fifo|altsyncram:fifo_buf_rtl_0  ;
;     -- OPERATION_MODE                     ; DUAL_PORT                                  ;
;     -- WIDTH_A                            ; 8                                          ;
;     -- NUMWORDS_A                         ; 1024                                       ;
;     -- OUTDATA_REG_A                      ; UNREGISTERED                               ;
;     -- WIDTH_B                            ; 8                                          ;
;     -- NUMWORDS_B                         ; 1024                                       ;
;     -- ADDRESS_REG_B                      ; CLOCK1                                     ;
;     -- OUTDATA_REG_B                      ; UNREGISTERED                               ;
;     -- RAM_BLOCK_TYPE                     ; AUTO                                       ;
;     -- READ_DURING_WRITE_MODE_MIXED_PORTS ; DONT_CARE                                  ;
; Entity Instance                           ; fifo:output_fifo|altsyncram:fifo_buf_rtl_0 ;
;     -- OPERATION_MODE                     ; DUAL_PORT                                  ;
;     -- WIDTH_A                            ; 8                                          ;
;     -- NUMWORDS_A                         ; 1024                                       ;
;     -- OUTDATA_REG_A                      ; UNREGISTERED                               ;
;     -- WIDTH_B                            ; 8                                          ;
;     -- NUMWORDS_B                         ; 1024                                       ;
;     -- ADDRESS_REG_B                      ; CLOCK1                                     ;
;     -- OUTDATA_REG_B                      ; UNREGISTERED                               ;
;     -- RAM_BLOCK_TYPE                     ; AUTO                                       ;
;     -- READ_DURING_WRITE_MODE_MIXED_PORTS ; DONT_CARE                                  ;
+-------------------------------------------+--------------------------------------------+


+-----------------------------------------------------+
; Post-Synthesis Netlist Statistics for Top Partition ;
+-----------------------+-----------------------------+
; Type                  ; Count                       ;
+-----------------------+-----------------------------+
; boundary_port         ; 42                          ;
; cycloneiii_ff         ; 40                          ;
;     CLR               ; 30                          ;
;     ENA CLR           ; 10                          ;
; cycloneiii_lcell_comb ; 69                          ;
;     arith             ; 29                          ;
;         2 data inputs ; 26                          ;
;         3 data inputs ; 3                           ;
;     normal            ; 40                          ;
;         0 data inputs ; 1                           ;
;         1 data inputs ; 5                           ;
;         2 data inputs ; 4                           ;
;         3 data inputs ; 3                           ;
;         4 data inputs ; 27                          ;
; cycloneiii_ram_block  ; 8                           ;
;                       ;                             ;
; Max LUT depth         ; 7.70                        ;
; Average LUT depth     ; 5.00                        ;
+-----------------------+-----------------------------+


+-------------------------------+
; Elapsed Time Per Partition    ;
+----------------+--------------+
; Partition Name ; Elapsed Time ;
+----------------+--------------+
; Top            ; 00:00:04     ;
+----------------+--------------+


+-------------------------------+
; Analysis & Synthesis Messages ;
+-------------------------------+
Info: *******************************************************************
Info: Running Quartus II 64-Bit Analysis & Synthesis
    Info: Version 15.0.0 Build 145 04/22/2015 SJ Web Edition
    Info: Processing started: Tue Nov 10 23:00:05 2015
Info: Command: quartus_map --read_settings_files=on --write_settings_files=off udp_read_top -c udp_read_top
Warning (20028): Parallel compilation is not licensed and has been disabled
Info (12021): Found 2 design units, including 1 entities, in source file components/udp_read_top.vhd
    Info (12022): Found design unit 1: udp_read_top-structural
    Info (12023): Found entity 1: udp_read_top
Info (12021): Found 2 design units, including 1 entities, in source file components/udp_read.vhd
    Info (12022): Found design unit 1: udp_read-behavioral
    Info (12023): Found entity 1: udp_read
Info (12021): Found 2 design units, including 1 entities, in source file components/fifo.vhd
    Info (12022): Found design unit 1: fifo-behavior
    Info (12023): Found entity 1: fifo
Info (12021): Found 1 design units, including 0 entities, in source file components/constants.vhd
    Info (12022): Found design unit 1: constants
Info (12127): Elaborating entity "udp_read_top" for the top level hierarchy
Info (12128): Elaborating entity "fifo" for hierarchy "fifo:input_fifo"
Info (12128): Elaborating entity "fifo" for hierarchy "fifo:length_fifo"
Info (12128): Elaborating entity "udp_read" for hierarchy "udp_read:reader"
Warning (10036): Verilog HDL or VHDL warning at udp_read.vhd(28): object "checksum" assigned a value but never read
Warning (276027): Inferred dual-clock RAM node "fifo:output_fifo|fifo_buf_rtl_0" from synchronous design logic.  The read-during-write behavior of a dual-clock RAM is undefined and may not match the behavior of the original design.
Warning (276027): Inferred dual-clock RAM node "fifo:input_fifo|fifo_buf_rtl_0" from synchronous design logic.  The read-during-write behavior of a dual-clock RAM is undefined and may not match the behavior of the original design.
Info (276014): Found 1 instances of uninferred RAM logic
    Info (276004): RAM logic "fifo:length_fifo|fifo_buf" is uninferred due to inappropriate RAM size
Info (19000): Inferred 2 megafunctions from design logic
    Info (276029): Inferred altsyncram megafunction from the following design logic: "fifo:output_fifo|fifo_buf_rtl_0" 
        Info (286033): Parameter OPERATION_MODE set to DUAL_PORT
        Info (286033): Parameter WIDTH_A set to 8
        Info (286033): Parameter WIDTHAD_A set to 10
        Info (286033): Parameter NUMWORDS_A set to 1024
        Info (286033): Parameter WIDTH_B set to 8
        Info (286033): Parameter WIDTHAD_B set to 10
        Info (286033): Parameter NUMWORDS_B set to 1024
        Info (286033): Parameter ADDRESS_ACLR_A set to NONE
        Info (286033): Parameter OUTDATA_REG_B set to UNREGISTERED
        Info (286033): Parameter ADDRESS_ACLR_B set to NONE
        Info (286033): Parameter OUTDATA_ACLR_B set to NONE
        Info (286033): Parameter ADDRESS_REG_B set to CLOCK1
        Info (286033): Parameter INDATA_ACLR_A set to NONE
        Info (286033): Parameter WRCONTROL_ACLR_A set to NONE
    Info (276029): Inferred altsyncram megafunction from the following design logic: "fifo:input_fifo|fifo_buf_rtl_0" 
        Info (286033): Parameter OPERATION_MODE set to DUAL_PORT
        Info (286033): Parameter WIDTH_A set to 8
        Info (286033): Parameter WIDTHAD_A set to 10
        Info (286033): Parameter NUMWORDS_A set to 1024
        Info (286033): Parameter WIDTH_B set to 8
        Info (286033): Parameter WIDTHAD_B set to 10
        Info (286033): Parameter NUMWORDS_B set to 1024
        Info (286033): Parameter ADDRESS_ACLR_A set to NONE
        Info (286033): Parameter OUTDATA_REG_B set to UNREGISTERED
        Info (286033): Parameter ADDRESS_ACLR_B set to NONE
        Info (286033): Parameter OUTDATA_ACLR_B set to NONE
        Info (286033): Parameter ADDRESS_REG_B set to CLOCK1
        Info (286033): Parameter INDATA_ACLR_A set to NONE
        Info (286033): Parameter WRCONTROL_ACLR_A set to NONE
Info (12130): Elaborated megafunction instantiation "fifo:input_fifo|altsyncram:fifo_buf_rtl_0"
Info (12133): Instantiated megafunction "fifo:input_fifo|altsyncram:fifo_buf_rtl_0" with the following parameter:
    Info (12134): Parameter "OPERATION_MODE" = "DUAL_PORT"
    Info (12134): Parameter "WIDTH_A" = "8"
    Info (12134): Parameter "WIDTHAD_A" = "10"
    Info (12134): Parameter "NUMWORDS_A" = "1024"
    Info (12134): Parameter "WIDTH_B" = "8"
    Info (12134): Parameter "WIDTHAD_B" = "10"
    Info (12134): Parameter "NUMWORDS_B" = "1024"
    Info (12134): Parameter "ADDRESS_ACLR_A" = "NONE"
    Info (12134): Parameter "OUTDATA_REG_B" = "UNREGISTERED"
    Info (12134): Parameter "ADDRESS_ACLR_B" = "NONE"
    Info (12134): Parameter "OUTDATA_ACLR_B" = "NONE"
    Info (12134): Parameter "ADDRESS_REG_B" = "CLOCK1"
    Info (12134): Parameter "INDATA_ACLR_A" = "NONE"
    Info (12134): Parameter "WRCONTROL_ACLR_A" = "NONE"
Info (12021): Found 1 design units, including 1 entities, in source file db/altsyncram_4rc1.tdf
    Info (12023): Found entity 1: altsyncram_4rc1
Info (12130): Elaborated megafunction instantiation "fifo:output_fifo|altsyncram:fifo_buf_rtl_0"
Info (12133): Instantiated megafunction "fifo:output_fifo|altsyncram:fifo_buf_rtl_0" with the following parameter:
    Info (12134): Parameter "OPERATION_MODE" = "DUAL_PORT"
    Info (12134): Parameter "WIDTH_A" = "8"
    Info (12134): Parameter "WIDTHAD_A" = "10"
    Info (12134): Parameter "NUMWORDS_A" = "1024"
    Info (12134): Parameter "WIDTH_B" = "8"
    Info (12134): Parameter "WIDTHAD_B" = "10"
    Info (12134): Parameter "NUMWORDS_B" = "1024"
    Info (12134): Parameter "ADDRESS_ACLR_A" = "NONE"
    Info (12134): Parameter "OUTDATA_REG_B" = "UNREGISTERED"
    Info (12134): Parameter "ADDRESS_ACLR_B" = "NONE"
    Info (12134): Parameter "OUTDATA_ACLR_B" = "NONE"
    Info (12134): Parameter "ADDRESS_REG_B" = "CLOCK1"
    Info (12134): Parameter "INDATA_ACLR_A" = "NONE"
    Info (12134): Parameter "WRCONTROL_ACLR_A" = "NONE"
Info (12021): Found 1 design units, including 1 entities, in source file db/altsyncram_qgc1.tdf
    Info (12023): Found entity 1: altsyncram_qgc1
Warning (14284): Synthesized away the following node(s):
    Warning (14285): Synthesized away the following RAM node(s):
        Warning (14320): Synthesized away node "fifo:input_fifo|altsyncram:fifo_buf_rtl_0|altsyncram_4rc1:auto_generated|ram_block1a0"
        Warning (14320): Synthesized away node "fifo:input_fifo|altsyncram:fifo_buf_rtl_0|altsyncram_4rc1:auto_generated|ram_block1a1"
        Warning (14320): Synthesized away node "fifo:input_fifo|altsyncram:fifo_buf_rtl_0|altsyncram_4rc1:auto_generated|ram_block1a2"
        Warning (14320): Synthesized away node "fifo:input_fifo|altsyncram:fifo_buf_rtl_0|altsyncram_4rc1:auto_generated|ram_block1a3"
        Warning (14320): Synthesized away node "fifo:input_fifo|altsyncram:fifo_buf_rtl_0|altsyncram_4rc1:auto_generated|ram_block1a4"
        Warning (14320): Synthesized away node "fifo:input_fifo|altsyncram:fifo_buf_rtl_0|altsyncram_4rc1:auto_generated|ram_block1a5"
        Warning (14320): Synthesized away node "fifo:input_fifo|altsyncram:fifo_buf_rtl_0|altsyncram_4rc1:auto_generated|ram_block1a6"
        Warning (14320): Synthesized away node "fifo:input_fifo|altsyncram:fifo_buf_rtl_0|altsyncram_4rc1:auto_generated|ram_block1a7"
Info (13000): Registers with preset signals will power-up high
Info (13003): DEV_CLRn pin will set, and not reset, register with preset signal due to NOT Gate Push-Back
Warning (13024): Output pins are stuck at VCC or GND
    Warning (13410): Pin "length[0]" is stuck at GND
    Warning (13410): Pin "length[1]" is stuck at GND
    Warning (13410): Pin "length[2]" is stuck at GND
    Warning (13410): Pin "length[3]" is stuck at GND
    Warning (13410): Pin "length[4]" is stuck at GND
    Warning (13410): Pin "length[5]" is stuck at GND
    Warning (13410): Pin "length[6]" is stuck at GND
    Warning (13410): Pin "length[7]" is stuck at GND
    Warning (13410): Pin "length[8]" is stuck at GND
    Warning (13410): Pin "length[9]" is stuck at GND
    Warning (13410): Pin "length[10]" is stuck at GND
    Warning (13410): Pin "length[11]" is stuck at GND
    Warning (13410): Pin "length[12]" is stuck at GND
    Warning (13410): Pin "length[13]" is stuck at GND
    Warning (13410): Pin "length[14]" is stuck at GND
    Warning (13410): Pin "length[15]" is stuck at GND
Info (286030): Timing-Driven Synthesis is running
Info (17049): 53 registers lost all their fanouts during netlist optimizations.
Info (16010): Generating hard_block partition "hard_block:auto_generated_inst"
    Info (16011): Adding 0 node(s), including 0 DDIO, 0 PLL, 0 transceiver and 0 LCELL
Warning (21074): Design contains 8 input pin(s) that do not drive logic
    Warning (15610): No output dependent on input pin "din[0]"
    Warning (15610): No output dependent on input pin "din[1]"
    Warning (15610): No output dependent on input pin "din[2]"
    Warning (15610): No output dependent on input pin "din[3]"
    Warning (15610): No output dependent on input pin "din[4]"
    Warning (15610): No output dependent on input pin "din[5]"
    Warning (15610): No output dependent on input pin "din[6]"
    Warning (15610): No output dependent on input pin "din[7]"
Info (21057): Implemented 143 device resources after synthesis - the final resource count might be different
    Info (21058): Implemented 15 input pins
    Info (21059): Implemented 27 output pins
    Info (21061): Implemented 93 logic cells
    Info (21064): Implemented 8 RAM segments
Info: Quartus II 64-Bit Analysis & Synthesis was successful. 0 errors, 40 warnings
    Info: Peak virtual memory: 1066 megabytes
    Info: Processing ended: Tue Nov 10 23:00:30 2015
    Info: Elapsed time: 00:00:25
    Info: Total CPU time (on all processors): 00:00:25


