------------------------------------------------------------
TimeQuest Timing Analyzer Summary
------------------------------------------------------------

Type  : Slow 1200mV 85C Model Setup 'internal_clk'
Slack : -8.456
TNS   : -1477.291

Type  : Slow 1200mV 85C Model Setup 'input_clk'
Slack : -8.057
TNS   : -149.897

Type  : Slow 1200mV 85C Model Setup 'output_clk'
Slack : -5.434
TNS   : -62.366

Type  : Slow 1200mV 85C Model Hold 'internal_clk'
Slack : 0.365
TNS   : 0.000

Type  : Slow 1200mV 85C Model Hold 'output_clk'
Slack : 0.387
TNS   : 0.000

Type  : Slow 1200mV 85C Model Hold 'input_clk'
Slack : 0.442
TNS   : 0.000

Type  : Slow 1200mV 85C Model Minimum Pulse Width 'internal_clk'
Slack : -3.000
TNS   : -369.293

Type  : Slow 1200mV 85C Model Minimum Pulse Width 'input_clk'
Slack : -3.000
TNS   : -41.796

Type  : Slow 1200mV 85C Model Minimum Pulse Width 'output_clk'
Slack : -3.000
TNS   : -25.214

Type  : Slow 1200mV 0C Model Setup 'internal_clk'
Slack : -7.545
TNS   : -1326.863

Type  : Slow 1200mV 0C Model Setup 'input_clk'
Slack : -7.251
TNS   : -133.775

Type  : Slow 1200mV 0C Model Setup 'output_clk'
Slack : -4.971
TNS   : -56.362

Type  : Slow 1200mV 0C Model Hold 'internal_clk'
Slack : 0.337
TNS   : 0.000

Type  : Slow 1200mV 0C Model Hold 'output_clk'
Slack : 0.353
TNS   : 0.000

Type  : Slow 1200mV 0C Model Hold 'input_clk'
Slack : 0.401
TNS   : 0.000

Type  : Slow 1200mV 0C Model Minimum Pulse Width 'internal_clk'
Slack : -3.000
TNS   : -368.809

Type  : Slow 1200mV 0C Model Minimum Pulse Width 'input_clk'
Slack : -3.000
TNS   : -41.708

Type  : Slow 1200mV 0C Model Minimum Pulse Width 'output_clk'
Slack : -3.000
TNS   : -25.082

Type  : Fast 1200mV 0C Model Setup 'internal_clk'
Slack : -3.637
TNS   : -602.406

Type  : Fast 1200mV 0C Model Setup 'input_clk'
Slack : -3.165
TNS   : -56.347

Type  : Fast 1200mV 0C Model Setup 'output_clk'
Slack : -2.310
TNS   : -23.799

Type  : Fast 1200mV 0C Model Hold 'internal_clk'
Slack : 0.155
TNS   : 0.000

Type  : Fast 1200mV 0C Model Hold 'output_clk'
Slack : 0.165
TNS   : 0.000

Type  : Fast 1200mV 0C Model Hold 'input_clk'
Slack : 0.202
TNS   : 0.000

Type  : Fast 1200mV 0C Model Minimum Pulse Width 'internal_clk'
Slack : -3.000
TNS   : -294.838

Type  : Fast 1200mV 0C Model Minimum Pulse Width 'input_clk'
Slack : -3.000
TNS   : -33.033

Type  : Fast 1200mV 0C Model Minimum Pulse Width 'output_clk'
Slack : -3.000
TNS   : -18.031

------------------------------------------------------------
